// Jest Snapshot v1, https://goo.gl/fbAQLP

exports[`<Main /> should render the background and text colors correctly 1`] = `
.c0 {
  background-color: #06092b;
  color: #fff;
  width: 100%;
  height: 100%;
  padding: 3rem;
  text-align: center;
  display: -webkit-box;
  display: -webkit-flex;
  display: -ms-flexbox;
  display: flex;
  -webkit-flex-direction: column;
  -ms-flex-direction: column;
  flex-direction: column;
  -webkit-align-items: center;
  -webkit-box-align: center;
  -ms-flex-align: center;
  align-items: center;
  -webkit-box-pack: center;
  -webkit-justify-content: center;
  -ms-flex-pack: center;
  justify-content: center;
}

.c1 {
  width: 25rem;
  margin-bottom: 2rem;
}

.c2 {
  font-size: 2.5rem;
}

.c3 {
  font-size: 2rem;
  font-weight: 400;
}

.c4 {
  margin-top: 3rem;
  width: min(30rem,100%);
}

<div>
  <main
    class="c0"
  >
    <img
      alt="Athom image with a Boilerplate text"
      class="c1"
      src="img/logo.svg"
    />
    <h1
      class="c2"
    >
      Boilerplate React + NextJS
    </h1>
    <h2
      class="c3"
    >
       
      TypeScript, React, NextJS, Jest, Testing Library, Storybook and Styled Components
       
    </h2>
    <img
      alt="Developer coding"
      class="c4"
      src="img/hero-illustration.svg"
    />
  </main>
</div>
`
